Initialized native services in: C:\Users\visha\.gradle\native
Initialized jansi services in: C:\Users\visha\.gradle\native
The client will now receive all logging from the daemon (pid: 39692). The daemon log file: C:\Users\visha\.gradle\daemon\9.2.1\daemon-39692.out.log
Starting 22nd build in daemon [uptime: 31 mins 14.278 secs, performance: 99%, GC rate: 0.00/s, heap usage: 3% of 512 MiB, non-heap usage: 44% of 384 MiB]
Using 12 worker leases.
Operational build model parameters: {requiresToolingModels=false, parallelProjectExecution=false, configureOnDemand=false, configurationCache=false, configurationCacheParallelStore=false, configurationCacheParallelLoad=true, isolatedProjects=false, parallelProjectConfiguration=false, intermediateModelCache=false, parallelToolingApiActions=false, invalidateCoupledProjects=false, modelAsProjectDependency=false, resilientModelBuilding=false}
Now considering [C:\Users\visha\Desktop\Mc_Plugin] as hierarchies to watch
Watching the file system is configured to be enabled if available
File system watching is active
Starting Build
Settings evaluated using settings file 'C:\Users\visha\Desktop\Mc_Plugin\settings.gradle.kts'.
Projects loaded. Root project using build file 'C:\Users\visha\Desktop\Mc_Plugin\build.gradle.kts'.
Included projects: [root project 'ProjectAtlas']

> Configure project :
Evaluating root project 'ProjectAtlas' using build file 'C:\Users\visha\Desktop\Mc_Plugin\build.gradle.kts'.
Resolved plugin [id: 'org.jetbrains.kotlin.jvm', version: '2.0.21']
Resolved plugin [id: 'io.github.goooler.shadow', version: '8.1.8']
Using Kotlin Gradle Plugin gradle85 variant
kotlin scripting plugin: created the scripting discovery configuration: kotlinScriptDef
kotlin scripting plugin: created the scripting discovery configuration: testKotlinScriptDef
All projects evaluated.
Task name matched 'compileKotlin'
Selected primary task 'compileKotlin' from project :
Tasks to be executed: [task ':checkKotlinGradlePluginConfigurationErrors', task ':compileKotlin']
Tasks that were excluded: []
Resolve mutations for :checkKotlinGradlePluginConfigurationErrors (Thread[#1309,Execution worker,5,main]) started.
:checkKotlinGradlePluginConfigurationErrors (Thread[#1315,Execution worker Thread 7,5,main]) started.

> Task :checkKotlinGradlePluginConfigurationErrors SKIPPED
Skipping task ':checkKotlinGradlePluginConfigurationErrors' as task onlyIf 'errorDiagnostics are present' is false.
Resolve mutations for :compileKotlin (Thread[#1315,Execution worker Thread 7,5,main]) started.
:compileKotlin (Thread[#1315,Execution worker Thread 7,5,main]) started.

> Task :compileKotlin FAILED
Caching disabled for task ':compileKotlin' because:
  Build cache is disabled
Task ':compileKotlin' is not up-to-date because:
  Task has failed previously.
The input changes require a full rebuild for incremental task ':compileKotlin'.
file or directory 'C:\Users\visha\Desktop\Mc_Plugin\src\main\java', not found
file or directory 'C:\Users\visha\Desktop\Mc_Plugin\src\main\java', not found
file or directory 'C:\Users\visha\Desktop\Mc_Plugin\src\main\java', not found
file or directory 'C:\Users\visha\Desktop\Mc_Plugin\src\main\java', not found
Kotlin source files: C:\Users\visha\Desktop\Mc_Plugin\src\main\kotlin\com\projectatlas\AtlasCommand.kt, C:\Users\visha\Desktop\Mc_Plugin\src\main\kotlin\com\projectatlas\AtlasListener.kt, C:\Users\visha\Desktop\Mc_Plugin\src\main\kotlin\com\projectatlas\AtlasPlugin.kt, C:\Users\visha\Desktop\Mc_Plugin\src\main\kotlin\com\projectatlas\city\City.kt, C:\Users\visha\Desktop\Mc_Plugin\src\main\kotlin\com\projectatlas\city\CityBuffTask.kt, C:\Users\visha\Desktop\Mc_Plugin\src\main\kotlin\com\projectatlas\city\CityManager.kt, C:\Users\visha\Desktop\Mc_Plugin\src\main\kotlin\com\projectatlas\classes\ClassManager.kt, C:\Users\visha\Desktop\Mc_Plugin\src\main\kotlin\com\projectatlas\config\ConfigManager.kt, C:\Users\visha\Desktop\Mc_Plugin\src\main\kotlin\com\projectatlas\economy\EconomyManager.kt, C:\Users\visha\Desktop\Mc_Plugin\src\main\kotlin\com\projectatlas\events\EventManager.kt, C:\Users\visha\Desktop\Mc_Plugin\src\main\kotlin\com\projectatlas\events\SupplyDropEvent.kt, C:\Users\visha\Desktop\Mc_Plugin\src\main\kotlin\com\projectatlas\gui\GuiManager.kt, C:\Users\visha\Desktop\Mc_Plugin\src\main\kotlin\com\projectatlas\identity\AtlasPlayer.kt, C:\Users\visha\Desktop\Mc_Plugin\src\main\kotlin\com\projectatlas\identity\IdentityManager.kt
Java source files: 
Script source files: 
Script file extensions: 
Using Kotlin/JVM incremental compilation
[KOTLIN] Kotlin compilation 'jdkHome' argument: C:\Program Files\Java\jdk-23
Options for KOTLIN DAEMON: IncrementalCompilationOptions(super=CompilationOptions(compilerMode=INCREMENTAL_COMPILER, targetPlatform=JVM, reportCategories=[0, 3], reportSeverity=2, requestedCompilationResults=[0], kotlinScriptExtensions=[]), areFileChangesKnown=false, modifiedFiles=null, deletedFiles=null, classpathChanges=NotAvailableForNonIncrementalRun, workingDir=C:\Users\visha\Desktop\Mc_Plugin\build\kotlin\compileKotlin\cacheable, multiModuleICSettings=MultiModuleICSettings(buildHistoryFile=C:\Users\visha\Desktop\Mc_Plugin\build\kotlin\compileKotlin\local-state\build-history.bin, useModuleDetection=false), usePreciseJavaTracking=true, icFeatures=IncrementalCompilationFeatures(withAbiSnapshot=false, preciseCompilationResultsBackup=true, keepIncrementalCompilationCachesInMemory=true, enableUnsafeIncrementalCompilationForMultiplatform=false), outputFiles=[C:\Users\visha\Desktop\Mc_Plugin\build\classes\kotlin\main, C:\Users\visha\Desktop\Mc_Plugin\build\kotlin\compileKotlin\cacheable, C:\Users\visha\Desktop\Mc_Plugin\build\kotlin\compileKotlin\local-state])
e: file:///C:/Users/visha/Desktop/Mc_Plugin/src/main/kotlin/com/projectatlas/AtlasCommand.kt:20:31 Unresolved reference 'ClassManager'.
e: file:///C:/Users/visha/Desktop/Mc_Plugin/src/main/kotlin/com/projectatlas/AtlasCommand.kt:246:40 Unresolved reference 'getAvailableClasses'.
e: file:///C:/Users/visha/Desktop/Mc_Plugin/src/main/kotlin/com/projectatlas/AtlasCommand.kt:253:39 Unresolved reference 'getAvailableClasses'.
e: file:///C:/Users/visha/Desktop/Mc_Plugin/src/main/kotlin/com/projectatlas/AtlasCommand.kt:253:66 Unresolved reference 'equals'.
e: file:///C:/Users/visha/Desktop/Mc_Plugin/src/main/kotlin/com/projectatlas/AtlasCommand.kt:253:71 Unresolved reference 'equals'.
e: file:///C:/Users/visha/Desktop/Mc_Plugin/src/main/kotlin/com/projectatlas/AtlasCommand.kt:256:87 Unresolved reference 'getAvailableClasses'.
e: file:///C:/Users/visha/Desktop/Mc_Plugin/src/main/kotlin/com/projectatlas/AtlasCommand.kt:260:26 Unresolved reference 'setClass'.
e: file:///C:/Users/visha/Desktop/Mc_Plugin/src/main/kotlin/com/projectatlas/classes/ClassManager.kt:35:44 Argument type mismatch: actual type is 'com.projectatlas.identity.AtlasPlayer', but 'java.util.UUID' was expected.
Finished executing kotlin compiler using DAEMON strategy

FAILURE: Build failed with an exception.

* What went wrong:
Execution failed for task ':compileKotlin'.
> A failure occurred while executing org.jetbrains.kotlin.compilerRunner.GradleCompilerRunnerWithWorkers$GradleKotlinCompilerWorkAction
   > Compilation error. See log for more details

* Try:
> Run with --stacktrace option to get the stack trace.
> Run with --debug option to get more log output.
> Run with --scan to generate a Build Scan (powered by Develocity).
> Get more help at https://help.gradle.org.

BUILD FAILED in 1s
1 actionable task: 1 executed
Watched directory hierarchies: [C:\Users\visha\Desktop\Mc_Plugin]
